- Building...

Initial chunk files   | Names         |  Raw size | Estimated transfer size
main-4HLTYLUD.js      | main          | 331.07 kB |                76.61 kB
polyfills-FFHMD2TL.js | polyfills     |  33.71 kB |                11.02 kB
styles-KMYLAZEP.css   | styles        |  16.42 kB |                 1.92 kB

                      | Initial total | 381.20 kB |                89.54 kB

Application bundle generation failed. [29.063 seconds]

Γû▓ [WARNING] src/app/pages/auth/register/register.component.css exceeded maximum budget. Budget 2.00 kB was not met by 1.03 kB with a total of 3.03 kB.


Γû▓ [WARNING] src/app/pages/auth/login/login.component.css exceeded maximum budget. Budget 2.00 kB was not met by 460 bytes with a total of 2.45 kB.


Γû▓ [WARNING] src/app/pages/dashboard/buyer-dashboard/buyer-dashboard.component.css exceeded maximum budget. Budget 2.00 kB was not met by 2.48 kB with a total of 4.48 kB.


Γû▓ [WARNING] src/app/app.component.css exceeded maximum budget. Budget 2.00 kB was not met by 408 bytes with a total of 2.40 kB.


Γû▓ [WARNING] src/app/shared/sidebar/sidebar.component.css exceeded maximum budget. Budget 2.00 kB was not met by 1.20 kB with a total of 3.20 kB.


Γû▓ [WARNING] src/app/pages/dashboard/seller-dashboard/seller-dashboard.component.css exceeded maximum budget. Budget 2.00 kB was not met by 6.09 kB with a total of 8.09 kB.


X [ERROR] src/app/pages/dashboard/buyer-dashboard/buyer-dashboard.component.css exceeded maximum budget. Budget 4.00 kB was not met by 494 bytes with a total of 4.48 kB.


X [ERROR] src/app/pages/dashboard/seller-dashboard/seller-dashboard.component.css exceeded maximum budget. Budget 4.00 kB was not met by 4.09 kB with a total of 8.09 kB.


